
OpenSBI v1.4
   ____                    _____ ____ _____
  / __ \                  / ____|  _ \_   _|
 | |  | |_ __   ___ _ __ | (___ | |_) || |
 | |  | | '_ \ / _ \ '_ \ \___ \|  _ < | |
 | |__| | |_) |  __/ | | |____) | |_) || |_
  \____/| .__/ \___|_| |_|_____/|____/_____|
        | |
        |_|

Platform Name             : riscv-virtio,qemu
Platform Features         : medeleg
Platform HART Count       : 2
Platform IPI Device       : aclint-mswi
Platform Timer Device     : aclint-mtimer @ 10000000Hz
Platform Console Device   : uart8250
Platform HSM Device       : ---
Platform PMU Device       : ---
Platform Reboot Device    : syscon-reboot
Platform Shutdown Device  : syscon-poweroff
Platform Suspend Device   : ---
Platform CPPC Device      : ---
Firmware Base             : 0x80000000
Firmware Size             : 333 KB
Firmware RW Offset        : 0x40000
Firmware RW Size          : 77 KB
Firmware Heap Offset      : 0x4a000
Firmware Heap Size        : 37 KB (total), 2 KB (reserved), 9 KB (used), 25 KB (free)
Firmware Scratch Size     : 4096 B (total), 328 B (used), 3768 B (free)
Runtime SBI Version       : 2.0

Domain0 Name              : root
Domain0 Boot HART         : 0
Domain0 HARTs             : 0*,1*
Domain0 Region00          : 0x0000000000100000-0x0000000000100fff M: (I,R,W) S/U: (R,W)
Domain0 Region01          : 0x0000000010000000-0x0000000010000fff M: (I,R,W) S/U: (R,W)
Domain0 Region02          : 0x0000000002000000-0x000000000200ffff M: (I,R,W) S/U: ()
Domain0 Region03          : 0x0000000080040000-0x000000008005ffff M: (R,W) S/U: ()
Domain0 Region04          : 0x0000000080000000-0x000000008003ffff M: (R,X) S/U: ()
Domain0 Region05          : 0x000000000c400000-0x000000000c5fffff M: (I,R,W) S/U: (R,W)
Domain0 Region06          : 0x000000000c000000-0x000000000c3fffff M: (I,R,W) S/U: (R,W)
Domain0 Region07          : 0x0000000000000000-0xffffffffffffffff M: () S/U: (R,W,X)
Domain0 Next Address      : 0x0000000080200000
Domain0 Next Arg1         : 0x000000009fe00000
Domain0 Next Mode         : S-mode
Domain0 SysReset          : yes
Domain0 SysSuspend        : yes

Boot HART ID              : 0
Boot HART Domain          : root
Boot HART Priv Version    : v1.12
Boot HART Base ISA        : rv64imafdch
Boot HART ISA Extensions  : sstc,zicntr,zihpm,zicboz,zicbom
Boot HART PMP Count       : 16
Boot HART PMP Granularity : 2 bits
Boot HART PMP Address Bits: 54
Boot HART MHPM Info       : 16 (0x0007fff8)
Boot HART MIDELEG         : 0x0000000000001666
Boot HART MEDELEG         : 0x0000000000f0b509
[620366] hart 0 mycpu_init: setting tp to 0x0000000080230000 - 0x0000000080230040
[670302]
xv6 kernel booting (hart 0)

[686890] fdt: checking DTB at 0x000000009fe00000
[707618] fdt: using DTB at 0x000000009fe00000 (size 6692 bytes)
[756068] fdt: parsed 175 nodes
[781236] fdt: found UART at 0x10000000, IRQ 10, clock 3686400 Hz, baud 0, reg-shift 0, io-width 1
[813323] fdt: probed platform info:
[820175]   Memory regions: 1 (total 512 MB)
[832250]     [0] 0x80000000 - 0xa0000000 (512 MB)
[845133]   Reserved regions: 2
[853904]     [0] 0x80040000 - 0x80060000 (128 KB)
[870208]     [1] 0x80000000 - 0x80040000 (256 KB)
[895039]   Ramdisk: 0x90200000 - 0x9c550000 (200000 KB)
[911373]   UART: 0x10000000, IRQ 10, clock 3686400 Hz, baud 115200
[928850]   PLIC: 0xc000000 (size 0x600000)
[937691]   PCIe regions: 1
[942352]     [0] 0x30000000 (size 0x10000000)
[951143]   CPUs: 2, timebase: 10000000 Hz
[960551]   VirtIO devices: 8
[967755]     [0] 0x10001000, IRQ 1
[976017]     [1] 0x10002000, IRQ 2
[982958]     [2] 0x10003000, IRQ 3
[992533]     [3] 0x10004000, IRQ 4
[999477]     [4] 0x10005000, IRQ 5
[1005428]     [5] 0x10006000, IRQ 6
[1012155]     [6] 0x10007000, IRQ 7
[1023764]     [7] 0x10008000, IRQ 8
[1039576] SBI extensions:
[1049257]   BASE: AVAILABLE
[1059409]   TIMER: AVAILABLE (OPTIONAL)
[1066901]   IPI: AVAILABLE
[1072641]   RFENCE: AVAILABLE
[1076981]   HSM: AVAILABLE
[1084521]   SRST: AVAILABLE (OPTIONAL)
[1091902]   PMU: AVAILABLE (OPTIONAL)
[1096497]   DBCN: AVAILABLE (OPTIONAL)
[1105484]   SUSP: UNSUPPORTED (OPTIONAL)
[1117431]   CPPC: UNSUPPORTED (OPTIONAL)
[1126512]   NACL: UNSUPPORTED (OPTIONAL)
[1135352]   STA: UNSUPPORTED (OPTIONAL)
[1145999] ksymbols: loading embedded symbols from 0x802a9000-0x804a9000 (2097152 bytes)
[1175014] Kernel symbols initialized: 867 entries
[1192441] page_buddy_init(): page array at 0x80fb8000, size 0x1000000
[1211367] __managed_start: 0x81fb8000, __managed_end: 0xa0000000
[1229121] init pages from 0x80000000 to 0x81fb8000 with flags 0x4000000
[1270044] init pages from 0x81fb8000 to 0xa0000000 with flags 0x0
[1603455] reserving pages from 0x90200000 to 0x9c550000
[1637591] reserved mem out of range: 0x80040000 to 0x80060000
[1647306] reserved mem out of range: 0x80000000 to 0x80040000
[1768104] buddy init range: 0x81fb8000 - 0x90200000
[1838452] buddy init range: 0x9c550000 - 0xa0000000
[1852133] Buddy System Statistics:
[1860490] ========================
[1872170] order(0): 0 blocks (0B)
[1885991] order(1): 0 blocks (0B)
[1897426] order(2): 0 blocks (0B)
[1909266] order(3): 1 blocks (32K)
[1915851] order(4): 1 blocks (64K)
[1922013] order(5): 1 blocks (128K)
[1929067] order(6): 1 blocks (256K)
[1936293] order(7): 1 blocks (512K)
[1942128] order(8): 0 blocks (0B)
[1946394] order(9): 2 blocks (4.0M)
[1952899] order(10): 70 blocks (280.0M)
[1958154] ------------------------
[1966910] Buddy: 72952 free + 0 cached = 72952 pages (284.9M)
[2220394] trampoline 0x3ffffff000 -> 0x0000000080232000
[2229627] trampoline data 0x3fffffe000 -> 0x0000000080231000
[2236628] trampoline cpu local 0x3fffffd000 -> 0x0000000080230000
[2246597] signal trampoline 0x3fffffc000 -> 0x000000008022f000
[2410160] kernel symbols 0x802a9000 - 0x804a9000 (size: 2097152)
[2422537] kernel symbols index 0x80cae000 - 0x80fae000 (size: 3145728)
[2434584] page table initialized
[2441002] hart 0 switched to kernel page table, satp: 8000000000080249
[2451173] paging enabled
[2458396] hart 0 mycpu_init: setting tp to 0x0000003fffffd000 - 0x0000003fffffd040
[2472648] mycpu initialized
[2488649] workqueue subsystem initialized
[2495466] trapinit: trampoline_userret at 0x0000003ffffff0e6
[2507248] trapinit: trampoline_uservec at 0x0000003ffffff000
[2518814] trapinit: CPU 0 intr_stack at 3ffffb8000 -> 0x000000009c6c0000
[2525886] trapinit: CPU 1 intr_stack at 3ffffb0000 -> 0x000000009c6c4000
[2536396] trapinit: CPU 2 intr_stack at 3ffffa8000 -> 0x000000009c6c8000
[2551665] trapinit: CPU 3 intr_stack at 3ffffa0000 -> 0x000000009c6cc000
[2565420] trapinit: CPU 4 intr_stack at 3ffff98000 -> 0x000000009c6d0000
[2574968] trapinit: CPU 5 intr_stack at 3ffff90000 -> 0x000000009c6d4000
[2585793] trapinit: CPU 6 intr_stack at 3ffff88000 -> 0x000000009c6d8000
[2592835] trapinit: CPU 7 intr_stack at 3ffff80000 -> 0x000000009c6dc000
[2606002] ipi_init: IPI subsystem initialized (IRQ 1)
[2621564] PCI device 0:0:0 - vendor ID: 0x1b36, device ID: 0x8
[2627776] PCI device 0:1:0 - vendor ID: 0xffff, device ID: 0xffff
[2632440] PCI device 0:2:0 - vendor ID: 0xffff, device ID: 0xffff
[2637449] PCI device 0:3:0 - vendor ID: 0xffff, device ID: 0xffff
[2642447] PCI device 0:4:0 - vendor ID: 0x8086, device ID: 0x100e
[2647818] E1000 Ethernet Controller detected.
[2673004] netdev: registered e1000 (MAC 52:54:0:12:34:56) idx 0
[2679717] PCI device 0:5:0 - vendor ID: 0xffff, device ID: 0xffff
[2685052] PCI device 0:6:0 - vendor ID: 0xffff, device ID: 0xffff
[2690219] PCI device 0:7:0 - vendor ID: 0xffff, device ID: 0xffff
[3440667] Init process kernel stack size order: 2
[3474037] CPU 0 idle process initialized at kstack 0x80c8c000
[3489083] hart 0 initialized. intr_sp: 0x0000003ffffbc000
[3518337] ptmx: /dev/ptmx registered (major 5, minor 2)
[3547458] ramdisk: initialized 200000 KB ramdisk (400000 sectors) at 0x90200000
[3566185] Page cache subsystem initialized
[3587752] sizeof(tmpfs_inode)=1408, TMPFS_INODE_EMBEDDED_DATA_LEN=312
[3605995] tmpfs max file size=1073741824 bytes
[3616231] xv6fs: filesystem type registered
[3630962] devtmpfs: filesystem type registered
[3638171] devtmpfs: populated 9 device nodes from device table
[3737053] xv6fs: block cache initialized: 199720 data blocks, 197226 free in 1 extents
[3757616] xv6fs: mounted at /root
[3765678] xv6fs: chroot to /root successful
[3794286] tmpfs: mounted at /tmp
[3821251] devtmpfs: mounted at /dev
[3844606] Releasing secondary harts...
[3853327] Starting secondary harts...
[3880398] hart 1 mycpu_init: setting tp to 0x0000000080230040 - 0x0000000080230080
[3883583] RCU callback kthread started on CPU 0
[3884604] hart 1 switched to kernel page table, satp: 8000000000080249
[3887345] hart 1 mycpu_init: setting tp to 0x0000003fffffd040 - 0x0000003fffffd080
[3889982] CPU 1 idle process initialized at kstack 0x80c90000
[3893849] hart 1 initialized. intr_sp: 0x0000003ffffb4000
[3900198] RCU callback kthread started on CPU 1
[3905050] pcache flusher thread started
init: starting sh
/ $ clonetest
clonetest: starting clone tests
clonetest: FAILED - overflowing stack accepted
