
OpenSBI v1.4
   ____                    _____ ____ _____
  / __ \                  / ____|  _ \_   _|
 | |  | |_ __   ___ _ __ | (___ | |_) || |
 | |  | | '_ \ / _ \ '_ \ \___ \|  _ < | |
 | |__| | |_) |  __/ | | |____) | |_) || |_
  \____/| .__/ \___|_| |_|_____/|____/_____|
        | |
        |_|

Platform Name             : riscv-virtio,qemu
Platform Features         : medeleg
Platform HART Count       : 2
Platform IPI Device       : aclint-mswi
Platform Timer Device     : aclint-mtimer @ 10000000Hz
Platform Console Device   : uart8250
Platform HSM Device       : ---
Platform PMU Device       : ---
Platform Reboot Device    : syscon-reboot
Platform Shutdown Device  : syscon-poweroff
Platform Suspend Device   : ---
Platform CPPC Device      : ---
Firmware Base             : 0x80000000
Firmware Size             : 333 KB
Firmware RW Offset        : 0x40000
Firmware RW Size          : 77 KB
Firmware Heap Offset      : 0x4a000
Firmware Heap Size        : 37 KB (total), 2 KB (reserved), 9 KB (used), 25 KB (free)
Firmware Scratch Size     : 4096 B (total), 328 B (used), 3768 B (free)
Runtime SBI Version       : 2.0

Domain0 Name              : root
Domain0 Boot HART         : 0
Domain0 HARTs             : 0*,1*
Domain0 Region00          : 0x0000000000100000-0x0000000000100fff M: (I,R,W) S/U: (R,W)
Domain0 Region01          : 0x0000000010000000-0x0000000010000fff M: (I,R,W) S/U: (R,W)
Domain0 Region02          : 0x0000000002000000-0x000000000200ffff M: (I,R,W) S/U: ()
Domain0 Region03          : 0x0000000080040000-0x000000008005ffff M: (R,W) S/U: ()
Domain0 Region04          : 0x0000000080000000-0x000000008003ffff M: (R,X) S/U: ()
Domain0 Region05          : 0x000000000c400000-0x000000000c5fffff M: (I,R,W) S/U: (R,W)
Domain0 Region06          : 0x000000000c000000-0x000000000c3fffff M: (I,R,W) S/U: (R,W)
Domain0 Region07          : 0x0000000000000000-0xffffffffffffffff M: () S/U: (R,W,X)
Domain0 Next Address      : 0x0000000080200000
Domain0 Next Arg1         : 0x000000009fe00000
Domain0 Next Mode         : S-mode
Domain0 SysReset          : yes
Domain0 SysSuspend        : yes

Boot HART ID              : 0
Boot HART Domain          : root
Boot HART Priv Version    : v1.12
Boot HART Base ISA        : rv64imafdch
Boot HART ISA Extensions  : sstc,zicntr,zihpm,zicboz,zicbom
Boot HART PMP Count       : 16
Boot HART PMP Granularity : 2 bits
Boot HART PMP Address Bits: 54
Boot HART MHPM Info       : 16 (0x0007fff8)
Boot HART MIDELEG         : 0x0000000000001666
Boot HART MEDELEG         : 0x0000000000f0b509
[404846] hart 0 mycpu_init: setting tp to 0x0000000080233000 - 0x0000000080233040
[429668]
xv6 kernel booting (hart 0)

[436326] fdt: checking DTB at 0x000000009fe00000
[444357] fdt: using DTB at 0x000000009fe00000 (size 6692 bytes)
[477992] fdt: parsed 175 nodes
[496479] fdt: found UART at 0x10000000, IRQ 10, clock 3686400 Hz, baud 0, reg-shift 0, io-width 1
[521163] fdt: probed platform info:
[526155]   Memory regions: 1 (total 512 MB)
[533815]     [0] 0x80000000 - 0xa0000000 (512 MB)
[539869]   Reserved regions: 2
[543902]     [0] 0x80040000 - 0x80060000 (128 KB)
[549518]     [1] 0x80000000 - 0x80040000 (256 KB)
[557557]   Ramdisk: 0x90200000 - 0x9c550000 (200000 KB)
[566784]   UART: 0x10000000, IRQ 10, clock 3686400 Hz, baud 115200
[576801]   PLIC: 0xc000000 (size 0x600000)
[583832]   PCIe regions: 1
[588614]     [0] 0x30000000 (size 0x10000000)
[596538]   CPUs: 2, timebase: 10000000 Hz
[605272]   VirtIO devices: 8
[608829]     [0] 0x10001000, IRQ 1
[613962]     [1] 0x10002000, IRQ 2
[619480]     [2] 0x10003000, IRQ 3
[624977]     [3] 0x10004000, IRQ 4
[630512]     [4] 0x10005000, IRQ 5
[636536]     [5] 0x10006000, IRQ 6
[642238]     [6] 0x10007000, IRQ 7
[647786]     [7] 0x10008000, IRQ 8
[654428] SBI extensions:
[660005]   BASE: AVAILABLE
[666284]   TIMER: AVAILABLE (OPTIONAL)
[672564]   IPI: AVAILABLE
[675317]   RFENCE: AVAILABLE
[678586]   HSM: AVAILABLE
[682623]   SRST: AVAILABLE (OPTIONAL)
[688898]   PMU: AVAILABLE (OPTIONAL)
[692087]   DBCN: AVAILABLE (OPTIONAL)
[696875]   SUSP: UNSUPPORTED (OPTIONAL)
[703350]   CPPC: UNSUPPORTED (OPTIONAL)
[705303]   NACL: UNSUPPORTED (OPTIONAL)
[707459]   STA: UNSUPPORTED (OPTIONAL)
[714789] ksymbols: loading embedded symbols from 0x802ae000-0x804ae000 (2097152 bytes)
[741190] Kernel symbols initialized: 948 entries
[751053] page_buddy_init(): page array at 0x80fbc000, size 0x1000000
[763697] __managed_start: 0x81fbc000, __managed_end: 0xa0000000
[775986] init pages from 0x80000000 to 0x81fbc000 with flags 0x4000000
[810136] init pages from 0x81fbc000 to 0xa0000000 with flags 0x0
[1101427] reserving pages from 0x90200000 to 0x9c550000
[1130513] reserved mem out of range: 0x80040000 to 0x80060000
[1139018] reserved mem out of range: 0x80000000 to 0x80040000
[1239839] buddy init range: 0x81fbc000 - 0x90200000
[1288018] buddy init range: 0x9c550000 - 0xa0000000
[1294822] Buddy System Statistics:
[1296720] ========================
[1299208] order(0): 0 blocks (0B)
[1306259] order(1): 0 blocks (0B)
[1311708] order(2): 1 blocks (16K)
[1323369] order(3): 0 blocks (0B)
[1327769] order(4): 1 blocks (64K)
[1333331] order(5): 1 blocks (128K)
[1340491] order(6): 1 blocks (256K)
[1348154] order(7): 1 blocks (512K)
[1353913] order(8): 0 blocks (0B)
[1359288] order(9): 2 blocks (4.0M)
[1365259] order(10): 70 blocks (280.0M)
[1371569] ------------------------
[1377104] Buddy: 72948 free + 0 cached = 72948 pages (284.9M)
[1659338] trampoline 0x3ffffff000 -> 0x0000000080235000
[1667054] trampoline data 0x3fffffe000 -> 0x0000000080234000
[1683080] trampoline cpu local 0x3fffffd000 -> 0x0000000080233000
[1693375] signal trampoline 0x3fffffc000 -> 0x0000000080232000
[1852301] kernel symbols 0x802ae000 - 0x804ae000 (size: 2097152)
[1857412] kernel symbols index 0x80cb2000 - 0x80fb2000 (size: 3145728)
[1868923] page table initialized
[1876424] hart 0 switched to kernel page table, satp: 800000000008024e
[1887783] paging enabled
[1896988] hart 0 mycpu_init: setting tp to 0x0000003fffffd000 - 0x0000003fffffd040
[1913489] mycpu initialized
[1930959] workqueue subsystem initialized
[1936655] trapinit: trampoline_userret at 0x0000003ffffff0e6
[1941975] trapinit: trampoline_uservec at 0x0000003ffffff000
[1954300] trapinit: CPU 0 intr_stack at 3ffffb8000 -> 0x000000009c69c000
[1963553] trapinit: CPU 1 intr_stack at 3ffffb0000 -> 0x000000009c6c8000
[1977985] trapinit: CPU 2 intr_stack at 3ffffa8000 -> 0x000000009c6cc000
[1990870] trapinit: CPU 3 intr_stack at 3ffffa0000 -> 0x000000009c6d0000
[2006213] trapinit: CPU 4 intr_stack at 3ffff98000 -> 0x000000009c6d4000
[2020714] trapinit: CPU 5 intr_stack at 3ffff90000 -> 0x000000009c6d8000
[2028181] trapinit: CPU 6 intr_stack at 3ffff88000 -> 0x000000009c6dc000
[2039798] trapinit: CPU 7 intr_stack at 3ffff80000 -> 0x000000009c6e0000
[2056139] ipi_init: IPI subsystem initialized (IRQ 1)
[2074868] PCI device 0:0:0 - vendor ID: 0x1b36, device ID: 0x8
[2081131] PCI device 0:1:0 - vendor ID: 0xffff, device ID: 0xffff
[2086448] PCI device 0:2:0 - vendor ID: 0xffff, device ID: 0xffff
[2091757] PCI device 0:3:0 - vendor ID: 0xffff, device ID: 0xffff
[2097709] PCI device 0:4:0 - vendor ID: 0x8086, device ID: 0x100e
[2107947] E1000 Ethernet Controller detected.
[2133452] netdev: registered e1000 (MAC 52:54:0:12:34:56) idx 0
[2139221] PCI device 0:5:0 - vendor ID: 0xffff, device ID: 0xffff
[2145638] PCI device 0:6:0 - vendor ID: 0xffff, device ID: 0xffff
[2150445] PCI device 0:7:0 - vendor ID: 0xffff, device ID: 0xffff
[2712195] Init process kernel stack size order: 2
[2725313] CPU 0 idle process initialized at kstack 0x80c90000
[2733799] hart 0 initialized. intr_sp: 0x0000003ffffbc000
[2758977] ptmx: /dev/ptmx registered (major 5, minor 2)
[2771189] ramdisk: initialized 200000 KB ramdisk (400000 sectors) at 0x90200000
[2779641] Page cache subsystem initialized
[2791395] sizeof(tmpfs_inode)=1408, TMPFS_INODE_EMBEDDED_DATA_LEN=312
[2792624] tmpfs max file size=1073741824 bytes
[2794485] xv6fs: filesystem type registered
[2795427] devtmpfs: filesystem type registered
[2798122] devtmpfs: populated 9 device nodes from device table
[2853514] xv6fs: block cache initialized: 199720 data blocks, 197226 free in 1 extents
[2858237] xv6fs: mounted at /root
[2859771] xv6fs: chroot to /root successful
[2875789] tmpfs: mounted at /tmp
[2880806] devtmpfs: mounted at /dev
[2891974] Releasing secondary harts...
[2893636] Starting secondary harts...
[2911344] hart 1 mycpu_init: setting tp to 0x0000000080233040 - 0x0000000080233080
[2913873] hart 1 switched to kernel page table, satp: 800000000008024e
[2915294] hart 1 mycpu_init: setting tp to 0x0000003fffffd040 - 0x0000003fffffd080
[2916443] CPU 1 idle process initialized at kstack 0x80c94000
[2917437] hart 1 initialized. intr_sp: 0x0000003ffffb4000
[2921300] RCU callback kthread started on CPU 0
[2923790] RCU callback kthread started on CPU 1
[2930322] pcache flusher thread started
[3920708] RCU synchronization smoke tests starting
[3922481] TEST: RCU Read Lock/Unlock
[3923736]   PASS: Nested RCU read locks work correctly
[3924334] TEST: RCU Pointer Operations
[3925208]   PASS: RCU pointer operations work correctly
[3925876] TEST: synchronize_rcu()
[3926341]   Waiting for grace period...
[3967000]   Grace period completed
[3968095]   PASS: synchronize_rcu() allows safe reclamation
[3969353] TEST: call_rcu() Callbacks
[3971122]   Callback registered
[3972255]   Callback invoked with value: 42
[3973925]   PASS: call_rcu() callback executed successfully
[3974620] TEST: Grace Period Detection
init: starting sh
[3990369]   PASS: Grace period detection through context switches
[3991151] TEST: Concurrent Readers
[3993752]   Waiting for readers to complete...
[3995020]   Reader 0 starting (50 iterations)
[3995889]   Reader 2 starting (50 iterations)
[3997110]   Reader 0 completed
[4000111]   Reader 1 starting (50 iterations)
[4001807]   Reader 3 starting (50 iterations)
[4004634]   Reader 2 completed
[4014044]   Reader 1 completed
[4014803]   Reader 3 completed
[4020395]   PASS: Concurrent readers completed successfully
[4025174] TEST: Basic List RCU Operations
/ $ [4102327]   Callbacks invoked: 10/10
[4103535]   PASS: Basic list RCU add/delete works correctly
[4104216] TEST: List RCU Concurrent Read While Write
[4315104] [workqueue] starting workqueue tests
[4318079] [workqueue][T1 ctor_invoked_on_create] OK
[4323998] [workqueue][T2 dtor_invoked_once_on_kill] OK
[4325836] [workqueue][T3 work_struct_field_integrity] OK
[4326864] [workqueue][T4 queue_work_runs_async] OK
[4389546] [workqueue][T5 queue_work_fails_when_killed] OK
[4392432] [workqueue][T6 multi_worker_concurrency] OK
[4459800] [workqueue][T7 free_after_run_stress] OK
[4517771] [workqueue][T8 callback_owned_work] OK
[4577984] WORKQUEUE TESTS: 8/8 PASSED
[5231691]   Completed concurrent read/write with 0 errors
[5232720]   PASS: List RCU concurrent read/write works correctly
[5233376] NEGATIVE TEST: Multiple Concurrent Grace Periods
[5263835]   Successfully completed multiple grace periods without deadlock
[5265443]   PASS: Multiple concurrent grace periods handled correctly
[5707182]   PASS: normal and expedited waits block until remote reader exits
[5708405] RCU synchronization smoke tests: ALL TESTS PASSED
rustnettest 56534
rustnettest: ALL TESTS PASSED (64 UDP echoes)
/ $ rustvfstest
[14000527] VfsInode::vfs_mount: filesystem type 'tmp' not found
rustvfstest: ALL TESTS PASSED
/ $ clonetest
clonetest: starting clone tests

=== Test 1: fork() (no sharing) ===
clonetest: child set counter to 42
clonetest: parent sees counter = 0 (should be 0, not 42)
clonetest: PASSED - memory not shared in fork

=== Test 2: clone() with CLONE_VM ===
clonetest: calling clone with CLONE_VM
clonetest: stack=0x0000000000027000 entry=0x0000000000003596
clonetest: parent waiting for child 71
CHILD
clonetest: child started, pid=71
clonetest: child incremented counter to 100
clonetest: parent sees counter = 100 (should be 100)
clonetest: PASSED - memory shared via CLONE_VM

=== Test 3: clone() with thread flags ===
clonetest: calling clone with thread flags
CHILD
clonetest: child started, pid=72
clonetest: child incremented counter to 100
clonetest: parent sees counter = 100
clonetest: PASSED - thread-like clone works

=== All clone tests passed! ===
/ $
