[  1%] Building xv6_rust staticlib (riscv64gc-unknown-none-elf, release, features=[])
[  2%] Built target initcode.out
[  3%] Built target gdbinit
[  5%] Built target generate_usys
[  5%] Built target irq
[  6%] Built target proc
[  8%] Built target ksymbols_placeholder
[ 14%] Built target userlib
[ 16%] Built target _echo
[ 21%] Built target _grep
[ 21%] Built target _mmaptest
[ 23%] Built target _cat
[ 25%] Built target _ln
[ 28%] Built target _init
[ 29%] Built target _kill
[ 30%] Built target _sh
[ 35%] Built target _wc
[ 35%] Built target _rm
[ 35%] Built target _mkdir
[ 37%] Built target _grind
[ 38%] Built target _usertests
   Compiling xv6_rust v0.1.0 (/home/es/xv6/xv6-riscv/kernel)
[ 40%] Built target _stressfs
[ 42%] Built target _sleep
[ 44%] Built target _sync
[ 47%] Built target _pingpong
[ 48%] Built target _zombie
[ 49%] Built target _primes
[ 52%] Built target _xargs
[ 53%] Built target _find
[ 55%] Built target _free
[ 59%] Built target _dumpchan
[ 59%] Built target _dumppcache
[ 60%] Built target _dumprq
[ 62%] Built target _ps
[ 64%] Built target _dumpinode
[ 65%] Built target _testsig
[ 67%] Built target _cowtest
[ 69%] Built target _vforktest
[ 70%] Built target _clonetest
[ 74%] Built target _rustvfstest
[ 74%] Built target _devtest
[ 75%] Built target _rustnettest
[ 76%] Built target _mount
[ 79%] Built target _wallclock
[ 78%] Built target _umount
[ 82%] Built target _mknod
[ 83%] Built target _bigfile
[ 84%] Built target _randtest
[ 85%] Built target _symlinktest
[ 87%] Building all user programs
[ 87%] Creating file system images
[ 88%] Built target user_programs
[ 91%] Built target fs_img
    Finished `release` profile [optimized] target(s) in 5.87s
[ 91%] Built target xv6_rust
[ 91%] Linking C executable kernel
[ 92%] Linking C executable kernel_with_symbols_elf
[ 93%] Built target kernel
[ 93%] Built target kernel_with_symbols_elf
[ 94%] Decompiling kernel binary
[ 95%] Generating symbols from kernel with placeholder
[ 96%] Embedding symbols into kernel ELF
Embedded 32718 bytes into .ksymbols section (offset: 0xad000, size: 2097152, addr: 0x802ad000)
[ 96%] Built target kernel_with_symbols
[ 96%] Built target kernel.asm
[ 98%] Generating xv6.bin (qemu)
[ 98%] Generating symbols from kernel with placeholder
Patched image_size=2805760 (0x2ad000) at offset 0x10 in xv6.bin
[ 98%] Generating xv6.sym
[100%] Compressing xv6.bin -> xv6.bin.gz
[100%] Built target kernel_all
